=== acevector: rendering (280.9s)
acevector 0%
acevector 10%
acevector 20%
acevector 30%
acevector 40%
acevector 50%
acevector 60%
acevector 70%
acevector 80%
acevector 90%
acevector 100%
RENDERED acevector
DELIVERED /Users/appuram/Downloads/generated_videos/acevector-snapdeal-ipo.mp4 (4.68 min, 38.3 MB); deleted /Users/appuram/Developer/explainer-forge/projects/ipo-28sep-acevector/renders/acevector.mp4
=== runwal: rendering (295.0s)
runwal 0%
runwal 10%
runwal 20%
runwal 30%
runwal 40%
runwal 50%
runwal 60%
runwal 70%
runwal 80%
runwal 90%
runwal 100%
RENDERED runwal
DELIVERED /Users/appuram/Downloads/generated_videos/runwal-enterprises-ipo.mp4 (4.92 min, 40.5 MB); deleted /Users/appuram/Developer/explainer-forge/projects/ipo-28sep-runwal/renders/runwal.mp4
