=== orient: rendering (350.8s)
orient 0%
orient 10%
orient 20%
orient 30%
orient 40%
orient 50%
orient 60%
orient 70%
orient 80%
orient 90%
orient 100%
RENDERED orient
DELIVERED /Users/appuram/Downloads/generated_videos/orient-cables-ipo.mp4 (5.85 min, 48.6 MB); deleted /Users/appuram/Developer/explainer-forge/projects/ipo-28sep-orient/renders/orient.mp4
=== moneyview: rendering (353.7s)
moneyview 0%
moneyview 10%
moneyview 20%
moneyview 30%
moneyview 40%
moneyview 50%
moneyview 60%
moneyview 70%
moneyview 80%
moneyview 90%
moneyview 100%
RENDERED moneyview
DELIVERED /Users/appuram/Downloads/generated_videos/moneyview-ipo.mp4 (5.90 min, 47.6 MB); deleted /Users/appuram/Developer/explainer-forge/projects/ipo-28sep-moneyview/renders/moneyview.mp4
=== aonesteel: rendering (313.1s)
aonesteel 0%
aonesteel 10%
aonesteel 20%
aonesteel 30%
aonesteel 40%
aonesteel 50%
aonesteel 60%
aonesteel 70%
aonesteel 80%
aonesteel 90%
aonesteel 100%
RENDERED aonesteel
DELIVERED /Users/appuram/Downloads/generated_videos/a-one-steels-ipo.mp4 (5.22 min, 43.7 MB); deleted /Users/appuram/Developer/explainer-forge/projects/ipo-28sep-aonesteel/renders/aonesteel.mp4
