>>> 10:08:01 rendering ch00
=== 10:11:00 ch00 done (131.989333s) → delivered
>>> 10:11:00 rendering ch01
=== 10:13:50 ch01 done (119.722667s) → delivered
>>> 10:13:51 rendering ch02
=== 10:17:37 ch02 done (161.621333s) → delivered
>>> 10:17:37 rendering ch03
=== 10:21:28 ch03 done (160.149333s) → delivered
>>> 10:21:28 rendering ch04
=== 10:27:02 ch04 done (230.378667s) → delivered
>>> 10:27:02 rendering ch05
=== 10:30:39 ch05 done (151.594667s) → delivered
>>> 10:30:40 rendering ch06
=== 10:35:55 ch06 done (215.061333s) → delivered
>>> 10:35:55 rendering ch07
=== 10:40:41 ch07 done (193.280000s) → delivered
>>> 10:40:41 rendering ch08
=== 10:44:43 ch08 done (165.354667s) → delivered
>>> 10:44:43 rendering ch09
=== 10:49:35 ch09 done (205.781333s) → delivered
>>> 10:49:35 rendering ch10
=== 10:56:53 ch10 done (326.378667s) → delivered
>>> concatenating master
MASTER → /Users/appuram/Downloads/generated_videos/github-actions-explained.mp4 (2061.312000s)
ALL_DONE
