ch00 b00 title       16.39s
ch00 b01 statement   30.77s
      sync heads: [0.118, 0.156, 0.207]
ch00 b02 versus      28.31s
ch00 b03 list        20.84s
      sync heads: [0.098, 0.264, 0.509, 0.637, 0.725, 0.873]
ch01 b04 divider      6.36s
ch01 b05 list        39.73s
      sync heads: [0.322, 0.402, 0.464, 0.554, 0.634, 0.724]
ch01 b06 x_diagram   40.34s
      sync heads: [0.128, 0.138, 0.166, 0.214, 0.343, 0.4, 0.467, 0.606, 0.663, 0.745, 0.793, 0.875, 0.932]
ch01 b07 statement   28.54s
      sync heads: [0.159, 0.187, 0.578, 0.662]
ch02 b08 divider      8.27s
ch02 b09 x_ingest    44.89s
ch02 b10 x_table     31.85s
      sync marks: [0.232, 0.422]
ch02 b11 x_ingest    37.23s
ch02 b12 flow        33.57s
      sync heads: [0.067, 0.424, 0.626, 0.853]
ch02 b13 x_table     37.49s
      sync marks: [0.277, 0.562, 0.735]
ch02 b14 flow        38.16s
ch03 b15 divider      5.85s
ch03 b16 chart       36.73s
ch03 b17 x_code      42.28s
      sync notes: [0.348, 0.537, 0.644, 0.805]
ch03 b18 x_table     27.57s
      sync marks: [0.426, 0.682]
ch03 b19 list        37.35s
      sync heads: [0.078, 0.227, 0.325, 0.453, 0.561, 0.7]
ch03 b20 x_code      31.14s
      sync notes: [0.273, 0.508, 0.875]
ch04 b21 divider      5.56s
ch04 b22 x_loop      37.45s
      sync heads: [0.105, 0.161, 0.276, 0.362, 0.615, 0.681, 0.747]
ch04 b23 x_context   39.57s
      sync heads: [0.156, 0.396, 0.518, 0.566, 0.709]
ch04 b24 x_code      32.61s
      sync notes: [0.133, 0.388, 0.776, 0.898]
ch04 b25 x_trace     27.98s
      sync events: [0.107, 0.193, 0.431, 0.605, 0.755]
ch04 b26 x_trace     26.79s
      sync events: [0.03, 0.428, 0.602, 0.79]
ch04 b27 statement   26.81s
      sync heads: [0.288, 0.443, 0.676, 0.753]
ch05 b28 divider      6.63s
ch05 b29 x_verify    38.81s
      sync claims: [0.284, 0.375, 0.424, 0.802]
ch05 b30 list        29.01s
      sync heads: [0.15, 0.317, 0.47, 0.544, 0.685, 0.746]
ch05 b31 x_table     34.15s
      sync marks: [0.668]
ch05 b32 x_table     41.77s
      sync marks: [0.347, 0.827]
ch05 b33 flow        29.67s
      sync heads: [0.092, 0.289, 0.487, 0.798]
ch06 b34 divider      6.17s
ch06 b35 list        25.34s
      sync heads: [0.142, 0.249, 0.486, 0.593, 0.7, 0.839]
ch06 b36 x_code      26.41s
      sync notes: [0.062, 0.562, 0.847]
ch06 b37 x_table     39.15s
ch06 b38 statement   18.07s
      sync heads: [0.13, 0.22, 0.541, 0.667]
ch06 b39 recap       38.50s
      sync heads: [0.015, 0.118, 0.202, 0.305, 0.465, 0.539, 0.623, 0.697]
  → ch00.json  98.3s
  → ch01.json  117.0s
  → ch02.json  235.0s
  → ch03.json  183.9s
  → ch04.json  200.3s
  → ch05.json  183.0s
  → ch06.json  156.6s
TOTAL 1174.1s (19.57 min) · 40 beats · 2663 words · pack=ledger
