ch00 b00 title       21.26s
ch00 b01 statement   26.74s
ch00 b02 list        30.05s
ch01 b03 divider      5.92s
ch01 b04 chart       38.24s
ch01 b05 versus      31.05s
ch01 b06 list        36.74s
ch01 b07 list        38.68s
ch02 b08 divider      5.41s
ch02 b09 x_diagram   45.59s
ch02 b10 flow        30.25s
ch02 b11 x_code      37.03s
ch02 b12 flow        30.98s
ch03 b13 divider      6.84s
ch03 b14 x_diagram   40.85s
ch03 b15 x_code      29.17s
ch03 b16 list        35.87s
ch04 b17 divider      5.17s
ch04 b18 x_diagram   37.14s
ch04 b19 x_store     35.60s
ch04 b20 x_code      41.05s
ch04 b21 statement   34.49s
ch05 b22 divider      7.08s
ch05 b23 x_cosine    41.79s
ch05 b24 statement   28.27s
ch05 b25 x_hnsw      45.77s
ch05 b26 chart       45.70s
ch05 b27 list        31.15s
ch06 b28 divider      7.54s
ch06 b29 x_graph     50.75s
ch06 b30 x_diagram   30.36s
ch06 b31 versus      34.22s
ch06 b32 flow        30.16s
ch07 b33 divider      4.00s
ch07 b34 list        36.89s
ch07 b35 chart       29.98s
ch07 b36 chart       29.05s
ch07 b37 chart       35.10s
ch07 b38 statement   29.10s
ch07 b39 chart       35.06s
ch08 b40 divider      7.56s
ch08 b41 versus      34.83s
ch08 b42 list        33.97s
ch08 b43 x_diagram   43.11s
ch08 b44 statement   34.24s
ch08 b45 flow        36.98s
ch08 b46 flow        27.67s
ch08 b47 x_code      45.90s
ch08 b48 x_fusion    60.18s
ch08 b49 chart       38.93s
ch08 b50 chart       45.92s
ch08 b51 statement   31.21s
ch09 b52 divider      3.40s
ch09 b53 x_code      31.91s
ch09 b54 list        34.83s
ch09 b55 list        33.35s
ch09 b56 recap       46.72s
  → ch00.json  79.6s
  → ch01.json  153.1s
  → ch02.json  151.7s
  → ch03.json  114.7s
  → ch04.json  155.9s
  → ch05.json  202.8s
  → ch06.json  155.5s
  → ch07.json  202.7s
  → ch08.json  446.5s
  → ch09.json  152.7s
TOTAL 1815.3s (30.25 min) · 57 beats · 4086 words · pack=blueprint
EXIT 0
